[
  {
    "id": "3d3c87a6-4193-4647-8ed3-6efb832672dc",
    "name": "Basketball"
  }
]
